// Vitest Snapshot v1, https://vitest.dev/guide/snapshot.html

exports[`ColorControl > tweening 1`] = `
[
  {
    "$done": false,
    "$frame": 0,
    "$transition": 1,
    "a": "color-mix(in srgb, white, black 0.00%)",
  },
  {
    "$done": false,
    "$frame": 1,
    "$transition": 1,
    "a": "color-mix(in srgb, white, black 0.01%)",
  },
  {
    "$done": false,
    "$frame": 2,
    "$transition": 1,
    "a": "color-mix(in srgb, white, black 0.05%)",
  },
  {
    "$done": false,
    "$frame": 3,
    "$transition": 1,
    "a": "color-mix(in srgb, white, black 0.12%)",
  },
  {
    "$done": false,
    "$frame": 4,
    "$transition": 1,
    "a": "color-mix(in srgb, white, black 0.23%)",
  },
  {
    "$done": false,
    "$frame": 5,
    "$transition": 1,
    "a": "color-mix(in srgb, white, black 0.40%)",
  },
  {
    "$done": false,
    "$frame": 6,
    "$transition": 1,
    "a": "color-mix(in srgb, white, black 0.64%)",
  },
  {
    "$done": false,
    "$frame": 7,
    "$transition": 1,
    "a": "color-mix(in srgb, white, black 0.95%)",
  },
  {
    "$done": false,
    "$frame": 8,
    "$transition": 1,
    "a": "color-mix(in srgb, white, black 1.35%)",
  },
  {
    "$done": false,
    "$frame": 9,
    "$transition": 1,
    "a": "color-mix(in srgb, white, black 1.85%)",
  },
  {
    "$done": false,
    "$frame": 10,
    "$transition": 1,
    "a": "color-mix(in srgb, white, black 2.46%)",
  },
  {
    "$done": false,
    "$frame": 11,
    "$transition": 1,
    "a": "color-mix(in srgb, white, black 3.20%)",
  },
  {
    "$done": false,
    "$frame": 12,
    "$transition": 1,
    "a": "color-mix(in srgb, white, black 4.07%)",
  },
  {
    "$done": false,
    "$frame": 13,
    "$transition": 1,
    "a": "color-mix(in srgb, white, black 5.08%)",
  },
  {
    "$done": false,
    "$frame": 14,
    "$transition": 1,
    "a": "color-mix(in srgb, white, black 6.25%)",
  },
  {
    "$done": false,
    "$frame": 15,
    "$transition": 1,
    "a": "color-mix(in srgb, white, black 7.59%)",
  },
  {
    "$done": false,
    "$frame": 16,
    "$transition": 1,
    "a": "color-mix(in srgb, white, black 9.10%)",
  },
  {
    "$done": false,
    "$frame": 17,
    "$transition": 1,
    "a": "color-mix(in srgb, white, black 10.80%)",
  },
  {
    "$done": false,
    "$frame": 18,
    "$transition": 1,
    "a": "color-mix(in srgb, white, black 12.70%)",
  },
  {
    "$done": false,
    "$frame": 19,
    "$transition": 1,
    "a": "color-mix(in srgb, white, black 14.81%)",
  },
  {
    "$done": false,
    "$frame": 20,
    "$transition": 1,
    "a": "color-mix(in srgb, white, black 17.15%)",
  },
  {
    "$done": false,
    "$frame": 21,
    "$transition": 1,
    "a": "color-mix(in srgb, white, black 19.72%)",
  },
  {
    "$done": false,
    "$frame": 22,
    "$transition": 1,
    "a": "color-mix(in srgb, white, black 22.53%)",
  },
  {
    "$done": false,
    "$frame": 23,
    "$transition": 1,
    "a": "color-mix(in srgb, white, black 25.60%)",
  },
  {
    "$done": false,
    "$frame": 24,
    "$transition": 1,
    "a": "color-mix(in srgb, white, black 28.94%)",
  },
  {
    "$done": false,
    "$frame": 25,
    "$transition": 1,
    "a": "color-mix(in srgb, white, black 32.55%)",
  },
  {
    "$done": false,
    "$frame": 26,
    "$transition": 1,
    "a": "color-mix(in srgb, white, black 36.45%)",
  },
  {
    "$done": false,
    "$frame": 27,
    "$transition": 1,
    "a": "color-mix(in srgb, white, black 40.65%)",
  },
  {
    "$done": false,
    "$frame": 28,
    "$transition": 1,
    "a": "color-mix(in srgb, white, black 45.16%)",
  },
  {
    "$done": false,
    "$frame": 29,
    "$transition": 1,
    "a": "color-mix(in srgb, white, black 50.00%)",
  },
  {
    "$done": false,
    "$frame": 30,
    "$transition": 1,
    "a": "color-mix(in srgb, white, black 54.84%)",
  },
  {
    "$done": false,
    "$frame": 31,
    "$transition": 1,
    "a": "color-mix(in srgb, white, black 59.35%)",
  },
  {
    "$done": false,
    "$frame": 32,
    "$transition": 1,
    "a": "color-mix(in srgb, white, black 63.55%)",
  },
  {
    "$done": false,
    "$frame": 33,
    "$transition": 1,
    "a": "color-mix(in srgb, white, black 67.45%)",
  },
  {
    "$done": false,
    "$frame": 34,
    "$transition": 1,
    "a": "color-mix(in srgb, white, black 71.06%)",
  },
  {
    "$done": false,
    "$frame": 35,
    "$transition": 1,
    "a": "color-mix(in srgb, white, black 74.40%)",
  },
  {
    "$done": false,
    "$frame": 36,
    "$transition": 1,
    "a": "color-mix(in srgb, white, black 77.47%)",
  },
  {
    "$done": false,
    "$frame": 37,
    "$transition": 1,
    "a": "color-mix(in srgb, white, black 80.28%)",
  },
  {
    "$done": false,
    "$frame": 38,
    "$transition": 1,
    "a": "color-mix(in srgb, white, black 82.85%)",
  },
  {
    "$done": false,
    "$frame": 39,
    "$transition": 1,
    "a": "color-mix(in srgb, white, black 85.19%)",
  },
  {
    "$done": false,
    "$frame": 40,
    "$transition": 1,
    "a": "color-mix(in srgb, white, black 87.30%)",
  },
  {
    "$done": false,
    "$frame": 41,
    "$transition": 1,
    "a": "color-mix(in srgb, white, black 89.20%)",
  },
  {
    "$done": false,
    "$frame": 42,
    "$transition": 1,
    "a": "color-mix(in srgb, white, black 90.90%)",
  },
  {
    "$done": false,
    "$frame": 43,
    "$transition": 1,
    "a": "color-mix(in srgb, white, black 92.41%)",
  },
  {
    "$done": false,
    "$frame": 44,
    "$transition": 1,
    "a": "color-mix(in srgb, white, black 93.75%)",
  },
  {
    "$done": false,
    "$frame": 45,
    "$transition": 1,
    "a": "color-mix(in srgb, white, black 94.92%)",
  },
  {
    "$done": false,
    "$frame": 46,
    "$transition": 1,
    "a": "color-mix(in srgb, white, black 95.93%)",
  },
  {
    "$done": false,
    "$frame": 47,
    "$transition": 1,
    "a": "color-mix(in srgb, white, black 96.80%)",
  },
  {
    "$done": false,
    "$frame": 48,
    "$transition": 1,
    "a": "color-mix(in srgb, white, black 97.54%)",
  },
  {
    "$done": false,
    "$frame": 49,
    "$transition": 1,
    "a": "color-mix(in srgb, white, black 98.15%)",
  },
  {
    "$done": false,
    "$frame": 50,
    "$transition": 1,
    "a": "color-mix(in srgb, white, black 98.65%)",
  },
  {
    "$done": false,
    "$frame": 51,
    "$transition": 1,
    "a": "color-mix(in srgb, white, black 99.05%)",
  },
  {
    "$done": false,
    "$frame": 52,
    "$transition": 1,
    "a": "color-mix(in srgb, white, black 99.36%)",
  },
  {
    "$done": false,
    "$frame": 53,
    "$transition": 1,
    "a": "color-mix(in srgb, white, black 99.60%)",
  },
  {
    "$done": false,
    "$frame": 54,
    "$transition": 1,
    "a": "color-mix(in srgb, white, black 99.77%)",
  },
  {
    "$done": false,
    "$frame": 55,
    "$transition": 1,
    "a": "color-mix(in srgb, white, black 99.88%)",
  },
  {
    "$done": false,
    "$frame": 56,
    "$transition": 1,
    "a": "color-mix(in srgb, white, black 99.95%)",
  },
  {
    "$done": false,
    "$frame": 57,
    "$transition": 1,
    "a": "color-mix(in srgb, white, black 99.99%)",
  },
  {
    "$done": false,
    "$frame": 58,
    "$transition": 1,
    "a": "color-mix(in srgb, white, black 100.00%)",
  },
  {
    "$done": false,
    "$frame": 59,
    "$transition": 1,
    "a": "black",
  },
]
`;
