// Vitest Snapshot v1, https://vitest.dev/guide/snapshot.html

exports[`CodeControl > tweening 1`] = `
[
  {
    "$done": false,
    "$frame": 0,
    "$transition": 1,
    "a": {
      "code": [
        "function helloWorld() {
  console.log(\\"Hello ",
        [
          "World",
          "Universe",
        ],
        "\\");",
        "
}",
      ],
      "transition": 0.000018518518518518518,
    },
  },
  {
    "$done": false,
    "$frame": 1,
    "$transition": 1,
    "a": {
      "code": [
        "function helloWorld() {
  console.log(\\"Hello ",
        [
          "World",
          "Universe",
        ],
        "\\");",
        "
}",
      ],
      "transition": 0.00014814814814814815,
    },
  },
  {
    "$done": false,
    "$frame": 2,
    "$transition": 1,
    "a": {
      "code": [
        "function helloWorld() {
  console.log(\\"Hello ",
        [
          "World",
          "Universe",
        ],
        "\\");",
        "
}",
      ],
      "transition": 0.0005000000000000001,
    },
  },
  {
    "$done": false,
    "$frame": 3,
    "$transition": 1,
    "a": {
      "code": [
        "function helloWorld() {
  console.log(\\"Hello ",
        [
          "World",
          "Universe",
        ],
        "\\");",
        "
}",
      ],
      "transition": 0.0011851851851851852,
    },
  },
  {
    "$done": false,
    "$frame": 4,
    "$transition": 1,
    "a": {
      "code": [
        "function helloWorld() {
  console.log(\\"Hello ",
        [
          "World",
          "Universe",
        ],
        "\\");",
        "
}",
      ],
      "transition": 0.0023148148148148147,
    },
  },
  {
    "$done": false,
    "$frame": 5,
    "$transition": 1,
    "a": {
      "code": [
        "function helloWorld() {
  console.log(\\"Hello ",
        [
          "World",
          "Universe",
        ],
        "\\");",
        "
}",
      ],
      "transition": 0.004000000000000001,
    },
  },
  {
    "$done": false,
    "$frame": 6,
    "$transition": 1,
    "a": {
      "code": [
        "function helloWorld() {
  console.log(\\"Hello ",
        [
          "World",
          "Universe",
        ],
        "\\");",
        "
}",
      ],
      "transition": 0.0063518518518518524,
    },
  },
  {
    "$done": false,
    "$frame": 7,
    "$transition": 1,
    "a": {
      "code": [
        "function helloWorld() {
  console.log(\\"Hello ",
        [
          "World",
          "Universe",
        ],
        "\\");",
        "
}",
      ],
      "transition": 0.009481481481481481,
    },
  },
  {
    "$done": false,
    "$frame": 8,
    "$transition": 1,
    "a": {
      "code": [
        "function helloWorld() {
  console.log(\\"Hello ",
        [
          "World",
          "Universe",
        ],
        "\\");",
        "
}",
      ],
      "transition": 0.0135,
    },
  },
  {
    "$done": false,
    "$frame": 9,
    "$transition": 1,
    "a": {
      "code": [
        "function helloWorld() {
  console.log(\\"Hello ",
        [
          "World",
          "Universe",
        ],
        "\\");",
        "
}",
      ],
      "transition": 0.018518518518518517,
    },
  },
  {
    "$done": false,
    "$frame": 10,
    "$transition": 1,
    "a": {
      "code": [
        "function helloWorld() {
  console.log(\\"Hello ",
        [
          "World",
          "Universe",
        ],
        "\\");",
        "
}",
      ],
      "transition": 0.02464814814814814,
    },
  },
  {
    "$done": false,
    "$frame": 11,
    "$transition": 1,
    "a": {
      "code": [
        "function helloWorld() {
  console.log(\\"Hello ",
        [
          "World",
          "Universe",
        ],
        "\\");",
        "
}",
      ],
      "transition": 0.03200000000000001,
    },
  },
  {
    "$done": false,
    "$frame": 12,
    "$transition": 1,
    "a": {
      "code": [
        "function helloWorld() {
  console.log(\\"Hello ",
        [
          "World",
          "Universe",
        ],
        "\\");",
        "
}",
      ],
      "transition": 0.04068518518518519,
    },
  },
  {
    "$done": false,
    "$frame": 13,
    "$transition": 1,
    "a": {
      "code": [
        "function helloWorld() {
  console.log(\\"Hello ",
        [
          "World",
          "Universe",
        ],
        "\\");",
        "
}",
      ],
      "transition": 0.05081481481481482,
    },
  },
  {
    "$done": false,
    "$frame": 14,
    "$transition": 1,
    "a": {
      "code": [
        "function helloWorld() {
  console.log(\\"Hello ",
        [
          "World",
          "Universe",
        ],
        "\\");",
        "
}",
      ],
      "transition": 0.0625,
    },
  },
  {
    "$done": false,
    "$frame": 15,
    "$transition": 1,
    "a": {
      "code": [
        "function helloWorld() {
  console.log(\\"Hello ",
        [
          "World",
          "Universe",
        ],
        "\\");",
        "
}",
      ],
      "transition": 0.07585185185185185,
    },
  },
  {
    "$done": false,
    "$frame": 16,
    "$transition": 1,
    "a": {
      "code": [
        "function helloWorld() {
  console.log(\\"Hello ",
        [
          "World",
          "Universe",
        ],
        "\\");",
        "
}",
      ],
      "transition": 0.09098148148148147,
    },
  },
  {
    "$done": false,
    "$frame": 17,
    "$transition": 1,
    "a": {
      "code": [
        "function helloWorld() {
  console.log(\\"Hello ",
        [
          "World",
          "Universe",
        ],
        "\\");",
        "
}",
      ],
      "transition": 0.108,
    },
  },
  {
    "$done": false,
    "$frame": 18,
    "$transition": 1,
    "a": {
      "code": [
        "function helloWorld() {
  console.log(\\"Hello ",
        [
          "World",
          "Universe",
        ],
        "\\");",
        "
}",
      ],
      "transition": 0.1270185185185185,
    },
  },
  {
    "$done": false,
    "$frame": 19,
    "$transition": 1,
    "a": {
      "code": [
        "function helloWorld() {
  console.log(\\"Hello ",
        [
          "World",
          "Universe",
        ],
        "\\");",
        "
}",
      ],
      "transition": 0.14814814814814814,
    },
  },
  {
    "$done": false,
    "$frame": 20,
    "$transition": 1,
    "a": {
      "code": [
        "function helloWorld() {
  console.log(\\"Hello ",
        [
          "World",
          "Universe",
        ],
        "\\");",
        "
}",
      ],
      "transition": 0.17149999999999996,
    },
  },
  {
    "$done": false,
    "$frame": 21,
    "$transition": 1,
    "a": {
      "code": [
        "function helloWorld() {
  console.log(\\"Hello ",
        [
          "World",
          "Universe",
        ],
        "\\");",
        "
}",
      ],
      "transition": 0.19718518518518513,
    },
  },
  {
    "$done": false,
    "$frame": 22,
    "$transition": 1,
    "a": {
      "code": [
        "function helloWorld() {
  console.log(\\"Hello ",
        [
          "World",
          "Universe",
        ],
        "\\");",
        "
}",
      ],
      "transition": 0.22531481481481486,
    },
  },
  {
    "$done": false,
    "$frame": 23,
    "$transition": 1,
    "a": {
      "code": [
        "function helloWorld() {
  console.log(\\"Hello ",
        [
          "World",
          "Universe",
        ],
        "\\");",
        "
}",
      ],
      "transition": 0.25600000000000006,
    },
  },
  {
    "$done": false,
    "$frame": 24,
    "$transition": 1,
    "a": {
      "code": [
        "function helloWorld() {
  console.log(\\"Hello ",
        [
          "World",
          "Universe",
        ],
        "\\");",
        "
}",
      ],
      "transition": 0.2893518518518519,
    },
  },
  {
    "$done": false,
    "$frame": 25,
    "$transition": 1,
    "a": {
      "code": [
        "function helloWorld() {
  console.log(\\"Hello ",
        [
          "World",
          "Universe",
        ],
        "\\");",
        "
}",
      ],
      "transition": 0.32548148148148154,
    },
  },
  {
    "$done": false,
    "$frame": 26,
    "$transition": 1,
    "a": {
      "code": [
        "function helloWorld() {
  console.log(\\"Hello ",
        [
          "World",
          "Universe",
        ],
        "\\");",
        "
}",
      ],
      "transition": 0.36450000000000005,
    },
  },
  {
    "$done": false,
    "$frame": 27,
    "$transition": 1,
    "a": {
      "code": [
        "function helloWorld() {
  console.log(\\"Hello ",
        [
          "World",
          "Universe",
        ],
        "\\");",
        "
}",
      ],
      "transition": 0.40651851851851856,
    },
  },
  {
    "$done": false,
    "$frame": 28,
    "$transition": 1,
    "a": {
      "code": [
        "function helloWorld() {
  console.log(\\"Hello ",
        [
          "World",
          "Universe",
        ],
        "\\");",
        "
}",
      ],
      "transition": 0.45164814814814813,
    },
  },
  {
    "$done": false,
    "$frame": 29,
    "$transition": 1,
    "a": {
      "code": [
        "function helloWorld() {
  console.log(\\"Hello ",
        [
          "World",
          "Universe",
        ],
        "\\");",
        "
}",
      ],
      "transition": 0.5,
    },
  },
  {
    "$done": false,
    "$frame": 30,
    "$transition": 1,
    "a": {
      "code": [
        "function helloWorld() {
  console.log(\\"Hello ",
        [
          "World",
          "Universe",
        ],
        "\\");",
        "
}",
      ],
      "transition": 0.548351851851852,
    },
  },
  {
    "$done": false,
    "$frame": 31,
    "$transition": 1,
    "a": {
      "code": [
        "function helloWorld() {
  console.log(\\"Hello ",
        [
          "World",
          "Universe",
        ],
        "\\");",
        "
}",
      ],
      "transition": 0.5934814814814815,
    },
  },
  {
    "$done": false,
    "$frame": 32,
    "$transition": 1,
    "a": {
      "code": [
        "function helloWorld() {
  console.log(\\"Hello ",
        [
          "World",
          "Universe",
        ],
        "\\");",
        "
}",
      ],
      "transition": 0.6355000000000001,
    },
  },
  {
    "$done": false,
    "$frame": 33,
    "$transition": 1,
    "a": {
      "code": [
        "function helloWorld() {
  console.log(\\"Hello ",
        [
          "World",
          "Universe",
        ],
        "\\");",
        "
}",
      ],
      "transition": 0.6745185185185185,
    },
  },
  {
    "$done": false,
    "$frame": 34,
    "$transition": 1,
    "a": {
      "code": [
        "function helloWorld() {
  console.log(\\"Hello ",
        [
          "World",
          "Universe",
        ],
        "\\");",
        "
}",
      ],
      "transition": 0.7106481481481483,
    },
  },
  {
    "$done": false,
    "$frame": 35,
    "$transition": 1,
    "a": {
      "code": [
        "function helloWorld() {
  console.log(\\"Hello ",
        [
          "World",
          "Universe",
        ],
        "\\");",
        "
}",
      ],
      "transition": 0.744,
    },
  },
  {
    "$done": false,
    "$frame": 36,
    "$transition": 1,
    "a": {
      "code": [
        "function helloWorld() {
  console.log(\\"Hello ",
        [
          "World",
          "Universe",
        ],
        "\\");",
        "
}",
      ],
      "transition": 0.7746851851851853,
    },
  },
  {
    "$done": false,
    "$frame": 37,
    "$transition": 1,
    "a": {
      "code": [
        "function helloWorld() {
  console.log(\\"Hello ",
        [
          "World",
          "Universe",
        ],
        "\\");",
        "
}",
      ],
      "transition": 0.8028148148148148,
    },
  },
  {
    "$done": false,
    "$frame": 38,
    "$transition": 1,
    "a": {
      "code": [
        "function helloWorld() {
  console.log(\\"Hello ",
        [
          "World",
          "Universe",
        ],
        "\\");",
        "
}",
      ],
      "transition": 0.8285,
    },
  },
  {
    "$done": false,
    "$frame": 39,
    "$transition": 1,
    "a": {
      "code": [
        "function helloWorld() {
  console.log(\\"Hello ",
        [
          "World",
          "Universe",
        ],
        "\\");",
        "
}",
      ],
      "transition": 0.8518518518518519,
    },
  },
  {
    "$done": false,
    "$frame": 40,
    "$transition": 1,
    "a": {
      "code": [
        "function helloWorld() {
  console.log(\\"Hello ",
        [
          "World",
          "Universe",
        ],
        "\\");",
        "
}",
      ],
      "transition": 0.8729814814814815,
    },
  },
  {
    "$done": false,
    "$frame": 41,
    "$transition": 1,
    "a": {
      "code": [
        "function helloWorld() {
  console.log(\\"Hello ",
        [
          "World",
          "Universe",
        ],
        "\\");",
        "
}",
      ],
      "transition": 0.8919999999999999,
    },
  },
  {
    "$done": false,
    "$frame": 42,
    "$transition": 1,
    "a": {
      "code": [
        "function helloWorld() {
  console.log(\\"Hello ",
        [
          "World",
          "Universe",
        ],
        "\\");",
        "
}",
      ],
      "transition": 0.9090185185185186,
    },
  },
  {
    "$done": false,
    "$frame": 43,
    "$transition": 1,
    "a": {
      "code": [
        "function helloWorld() {
  console.log(\\"Hello ",
        [
          "World",
          "Universe",
        ],
        "\\");",
        "
}",
      ],
      "transition": 0.9241481481481482,
    },
  },
  {
    "$done": false,
    "$frame": 44,
    "$transition": 1,
    "a": {
      "code": [
        "function helloWorld() {
  console.log(\\"Hello ",
        [
          "World",
          "Universe",
        ],
        "\\");",
        "
}",
      ],
      "transition": 0.9375,
    },
  },
  {
    "$done": false,
    "$frame": 45,
    "$transition": 1,
    "a": {
      "code": [
        "function helloWorld() {
  console.log(\\"Hello ",
        [
          "World",
          "Universe",
        ],
        "\\");",
        "
}",
      ],
      "transition": 0.9491851851851852,
    },
  },
  {
    "$done": false,
    "$frame": 46,
    "$transition": 1,
    "a": {
      "code": [
        "function helloWorld() {
  console.log(\\"Hello ",
        [
          "World",
          "Universe",
        ],
        "\\");",
        "
}",
      ],
      "transition": 0.9593148148148148,
    },
  },
  {
    "$done": false,
    "$frame": 47,
    "$transition": 1,
    "a": {
      "code": [
        "function helloWorld() {
  console.log(\\"Hello ",
        [
          "World",
          "Universe",
        ],
        "\\");",
        "
}",
      ],
      "transition": 0.968,
    },
  },
  {
    "$done": false,
    "$frame": 48,
    "$transition": 1,
    "a": {
      "code": [
        "function helloWorld() {
  console.log(\\"Hello ",
        [
          "World",
          "Universe",
        ],
        "\\");",
        "
}",
      ],
      "transition": 0.9753518518518518,
    },
  },
  {
    "$done": false,
    "$frame": 49,
    "$transition": 1,
    "a": {
      "code": [
        "function helloWorld() {
  console.log(\\"Hello ",
        [
          "World",
          "Universe",
        ],
        "\\");",
        "
}",
      ],
      "transition": 0.9814814814814815,
    },
  },
  {
    "$done": false,
    "$frame": 50,
    "$transition": 1,
    "a": {
      "code": [
        "function helloWorld() {
  console.log(\\"Hello ",
        [
          "World",
          "Universe",
        ],
        "\\");",
        "
}",
      ],
      "transition": 0.9865,
    },
  },
  {
    "$done": false,
    "$frame": 51,
    "$transition": 1,
    "a": {
      "code": [
        "function helloWorld() {
  console.log(\\"Hello ",
        [
          "World",
          "Universe",
        ],
        "\\");",
        "
}",
      ],
      "transition": 0.9905185185185186,
    },
  },
  {
    "$done": false,
    "$frame": 52,
    "$transition": 1,
    "a": {
      "code": [
        "function helloWorld() {
  console.log(\\"Hello ",
        [
          "World",
          "Universe",
        ],
        "\\");",
        "
}",
      ],
      "transition": 0.9936481481481482,
    },
  },
  {
    "$done": false,
    "$frame": 53,
    "$transition": 1,
    "a": {
      "code": [
        "function helloWorld() {
  console.log(\\"Hello ",
        [
          "World",
          "Universe",
        ],
        "\\");",
        "
}",
      ],
      "transition": 0.996,
    },
  },
  {
    "$done": false,
    "$frame": 54,
    "$transition": 1,
    "a": {
      "code": [
        "function helloWorld() {
  console.log(\\"Hello ",
        [
          "World",
          "Universe",
        ],
        "\\");",
        "
}",
      ],
      "transition": 0.9976851851851852,
    },
  },
  {
    "$done": false,
    "$frame": 55,
    "$transition": 1,
    "a": {
      "code": [
        "function helloWorld() {
  console.log(\\"Hello ",
        [
          "World",
          "Universe",
        ],
        "\\");",
        "
}",
      ],
      "transition": 0.9988148148148148,
    },
  },
  {
    "$done": false,
    "$frame": 56,
    "$transition": 1,
    "a": {
      "code": [
        "function helloWorld() {
  console.log(\\"Hello ",
        [
          "World",
          "Universe",
        ],
        "\\");",
        "
}",
      ],
      "transition": 0.9994999999999999,
    },
  },
  {
    "$done": false,
    "$frame": 57,
    "$transition": 1,
    "a": {
      "code": [
        "function helloWorld() {
  console.log(\\"Hello ",
        [
          "World",
          "Universe",
        ],
        "\\");",
        "
}",
      ],
      "transition": 0.9998518518518519,
    },
  },
  {
    "$done": false,
    "$frame": 58,
    "$transition": 1,
    "a": {
      "code": [
        "function helloWorld() {
  console.log(\\"Hello ",
        [
          "World",
          "Universe",
        ],
        "\\");",
        "
}",
      ],
      "transition": 0.9999814814814815,
    },
  },
  {
    "$done": false,
    "$frame": 59,
    "$transition": 1,
    "a": {
      "code": [
        "function helloWorld() {
  console.log(\\"Hello ",
        [
          "World",
          "Universe",
        ],
        "\\");",
        "
}",
      ],
      "transition": 1,
    },
  },
]
`;
